[lodash.com/docs/index.html]
[backblue.gif]
[fade.gif]
[index.html]
[lodash.com/icons/apple-touch-180x180.png]
[lodash.com/icons/favicon-32x32.png]
[lodash.com/assets/css/main.css]
[lodash.com/vendor/cdn.jsdelivr.net/fontawesome/4.7.0/css/font-awesome.min.css]
[lodash.com/assets/js/boot.js]
[lodash.com/vendor/cdn.jsdelivr.net/npm/lodash@4.17.15/lodash.min.js]
[lodash.com/vendor/cdn.jsdelivr.net/g/fuse@2.6.1,react@15.4.0(react.min.js+react-dom.min.js]
[lodash.com/assets/js/docs.js]
[lodash.com/docs/index.html]
[lodash.com/assets/css/main.css]
[lodash.com/vendor/cdn.jsdelivr.net/fontawesome/4.7.0/css/font-awesome.min.css]
[github.com/lodash/lodash/blob/4.17.15/lodash.html]
[github.githubassets.com/assets/light-f552bab6ce72.css]
[github.githubassets.com/assets/dark_dimmed-a7246d2d6733.css]
[github.githubassets.com/assets/dark-4589f64a2275.css]
[github.githubassets.com/assets/dark_high_contrast-f2ef05cef2f1.css]
[github.githubassets.com/assets/dark_colorblind-daa1fe317131.css]
[github.githubassets.com/assets/light_colorblind-1ab6fcc64845.css]
[github.githubassets.com/assets/light_high_contrast-46de871e876c.css]
[github.githubassets.com/assets/light_tritanopia-c9754fef2a31.css]
[github.githubassets.com/assets/dark_tritanopia-dba748981a29.css]
[github.githubassets.com/assets/primer-primitives-4cbeaa0795ef.css]
[github.githubassets.com/assets/primer-87f353b17355.css]
[github.githubassets.com/assets/global-b169e665f6fa.css]
[github.githubassets.com/assets/github-f1af66156f94.css]
[github.githubassets.com/assets/code-ac15a98582bf.css]
[github.githubassets.com/assets/repository-2e900f0ac288.css]
[github.githubassets.com/assets/wp-runtime-e05dcf78ba7f.js]
[github.githubassets.com/assets/vendors-node_modules_dompurify_dist_purify_js-810e4b1b9abd.js]
[github.githubassets.com/assets/vendors-node_modules_oddbird_popover-polyfill_dist_popover_js-4ac41d0a76fd.js]
[github.githubassets.com/assets/vendors-node_modules_smoothscroll-polyfill_dist_smoothscroll_js-node_modules_stacktrace-parse-a448e4-bdc28e06dc01.js]
[github.githubassets.com/assets/environment-65dcc25bed15.js]
[github.githubassets.com/assets/vendors-node_modules_primer_behaviors_dist_esm_focus-zone_js-f669b9466f06.js]
[github.githubassets.com/assets/vendors-node_modules_github_selector-observer_dist_index_esm_js-9f960d9b217c.js]
[github.githubassets.com/assets/vendors-node_modules_github_combobox-nav_dist_index_js-node_modules_github_markdown-toolbar-e-820fc0-1176135e4d90.js]
[github.githubassets.com/assets/vendors-node_modules_github_auto-complete-element_dist_index_js-node_modules_github_catalyst_-392fe4-5df1d85d02da.js]
[github.githubassets.com/assets/vendors-node_modules_github_text-expander-element_dist_index_js-b2135edb5ced.js]
[github.githubassets.com/assets/vendors-node_modules_github_filter-input-element_dist_index_js-node_modules_github_remote-inp-b7d8f4-6e6f83bcc978.js]
[github.githubassets.com/assets/vendors-node_modules_github_file-attachment-element_dist_index_js-node_modules_primer_view-co-3959a9-1ccb1cef5682.js]
[github.githubassets.com/assets/app_assets_modules_github_onfocus_ts-ui_packages_trusted-types-policies_policy_ts-ui_packages-6fe316-4083e7233d28.js]
[github.githubassets.com/assets/vendors-node_modules_github_mini-throttle_dist_index_js-node_modules_delegated-events_dist_in-b63d41-1e3984e4dd2f.js]
[github.githubassets.com/assets/github-elements-c9cd2492b1b3.js]
[github.githubassets.com/assets/vendors-node_modules_braintree_browser-detection_dist_browser-detection_js-node_modules_githu-fd5530-79ffdad54bcd.js]
[github.githubassets.com/assets/element-registry-9d0463539b74.js]
[github.githubassets.com/assets/vendors-node_modules_lit-html_lit-html_js-cc7cb714ead5.js]
[github.githubassets.com/assets/vendors-node_modules_morphdom_dist_morphdom-esm_js-node_modules_github_memoize_dist_esm_index_js-8d7117d67c36.js]
[github.githubassets.com/assets/vendors-node_modules_github_remote-form_dist_index_js-node_modules_delegated-events_dist_inde-893f9f-880ac2bbb719.js]
[github.githubassets.com/assets/vendors-node_modules_github_turbo_dist_turbo_es2017-esm_js-1cea0f5eff45.js]
[github.githubassets.com/assets/vendors-node_modules_scroll-anchoring_dist_scroll-anchoring_esm_js-node_modules_github_hotkey-1a1d91-1bb71f3f93c2.js]
[github.githubassets.com/assets/vendors-node_modules_color-convert_index_js-cdd1e82b3795.js]
[github.githubassets.com/assets/vendors-node_modules_primer_behaviors_dist_esm_dimensions_js-node_modules_github_jtml_lib_index_js-b1947a1d4855.js]
[github.githubassets.com/assets/vendors-node_modules_github_session-resume_dist_index_js-node_modules_primer_behaviors_dist_e-da6ec6-77ce2f267f4e.js]
[github.githubassets.com/assets/app_assets_modules_github_updatable-content_ts-7fcc5f2841d8.js]
[github.githubassets.com/assets/vendors-node_modules_github_quote-selection_dist_index_js-node_modules_github_textarea-autosi-9e0349-7c78ee755ad3.js]
[github.githubassets.com/assets/app_assets_modules_github_behaviors_task-list_ts-app_assets_modules_github_onfocus_ts-app_ass-421cec-d3af2356fb47.js]
[github.githubassets.com/assets/app_assets_modules_github_sticky-scroll-into-view_ts-3dc342dedcb0.js]
[github.githubassets.com/assets/app_assets_modules_github_behaviors_ajax-error_ts-app_assets_modules_github_behaviors_include-467754-0b06f9573e1c.js]
[github.githubassets.com/assets/app_assets_modules_github_behaviors_commenting_edit_ts-app_assets_modules_github_behaviors_ht-83c235-5276a3faf037.js]
[github.githubassets.com/assets/vendors-node_modules_delegated-events_dist_index_js-node_modules_github_catalyst_lib_index_js-06ff531-2ea61fcc9a71.js]
[github.githubassets.com/assets/notifications-global-0409f6303340.js]
[github.githubassets.com/assets/app_assets_modules_github_repositories_get-repo-element_ts-e21ae6671295.js]
[github.githubassets.com/assets/code-menu-67595c3a6d0c.js]
[github.githubassets.com/assets/vendors-node_modules_primer_react_lib-esm_Box_Box_js-5a335cbe71ad.js]
[github.githubassets.com/assets/vendors-node_modules_primer_react_lib-esm_FeatureFlags_FeatureFlags_js-node_modules_github_ca-9009bd-47065f21e9ac.js]
[github.githubassets.com/assets/vendors-node_modules_primer_react_lib-esm_Button_Button_js-618154c88198.js]
[github.githubassets.com/assets/react-lib-dc88c1a68b28.js]
[github.githubassets.com/assets/vendors-node_modules_primer_react_lib-esm_TooltipV2_Tooltip_js-98aea6945770.js]
[github.githubassets.com/assets/vendors-node_modules_primer_react_node_modules_primer_octicons-react_dist_index_esm_mjs-dc98a76c65d6.js]
[github.githubassets.com/assets/behaviors-968375ea793c.js]
[github.githubassets.com/assets/vendors-node_modules_primer_react_lib-esm_ActionList_index_js-a2fe8fc7236e.js]
[github.githubassets.com/assets/vendors-node_modules_primer_react_lib-esm_TextInput_TextInput_js-57e9c5f82efe.js]
[github.githubassets.com/assets/vendors-node_modules_primer_octicons-react_dist_index_esm_js-node_modules_primer_react_lib-es-541a38-2ad77ede4dad.js]
[github.githubassets.com/assets/vendors-node_modules_primer_react_lib-esm_FormControl_FormControl_js-0c2e219e6035.js]
[github.githubassets.com/assets/vendors-node_modules_primer_react_lib-esm_ActionMenu_ActionMenu_js-node_modules_primer_react_-5b2420-3d111386e1c1.js]
[github.githubassets.com/assets/vendors-node_modules_react-router-dom_dist_index_js-2b1dbeadb6d4.js]
[github.githubassets.com/assets/vendors-node_modules_primer_react_lib-esm_Link_Link_js-node_modules_primer_react_lib-esm_Rela-a903d7-17c01d44f123.js]
[github.githubassets.com/assets/vendors-node_modules_primer_react_lib-esm_ConfirmationDialog_ConfirmationDialog_js-1811321a7c22.js]
[github.githubassets.com/assets/vendors-node_modules_primer_react_lib-esm_Heading_Heading_js-node_modules_primer_react_lib-es-8280c5-4772b28bff07.js]
[github.githubassets.com/assets/vendors-node_modules_primer_react_lib-esm_PageLayout_PageLayout_js-node_modules_github_hydro--f8521d-a461a484b308.js]
[github.githubassets.com/assets/vendors-node_modules_primer_react_lib-esm_TreeView_TreeView_js-9456d871c361.js]
[github.githubassets.com/assets/vendors-node_modules_primer_react_lib-esm_AvatarStack_AvatarStack_js-node_modules_primer_reac-21d8ca-f2ca17197cdd.js]
[github.githubassets.com/assets/ui_packages_react-core_create-browser-history_ts-ui_packages_safe-storage_safe-storage_ts-ui_-682c2c-44ed51a2083d.js]
[github.githubassets.com/assets/ui_packages_react-core_register-app_ts-a7b9de7616e6.js]
[github.githubassets.com/assets/ui_packages_paths_index_ts-d30e09039de9.js]
[github.githubassets.com/assets/ui_packages_ref-selector_RefSelector_tsx-84a0dce6bcb2.js]
[github.githubassets.com/assets/ui_packages_code-view-shared_hooks_shortcuts_ts-ui_packages_commit-attribution_index_ts-ui_pa-e33d1b-9311565c937c.js]
[github.githubassets.com/assets/app_assets_modules_react-shared_hooks_use-canonical-object_ts-ui_packages_code-view-shared_ho-7d1336-ffa29d1b0cd7.js]
[github.githubassets.com/assets/app_assets_modules_github_blob-anchor_ts-app_assets_modules_github_filter-sort_ts-app_assets_-e50ab6-06193ffb3fd6.js]
[github.githubassets.com/assets/ui_packages_code-view-shared_components_files-search_FileResultsList_tsx-11b1a83d8b93.js]
[github.githubassets.com/assets/react-code-view.98a0f4bdacd6223a0b70.module.css]
[github.githubassets.com/assets/react-code-view-ffd23841034e.js]
[github.com/fluidicon.png]
[github.com/lodash/lodash/blob/4.17.15/lodash.html]
[github.githubassets.com/assets/light-f552bab6ce72.css]
[github.githubassets.com/assets/dark-4589f64a2275.css]
[github.githubassets.com/assets/dark_dimmed-a7246d2d6733.css]
[github.githubassets.com/assets/dark_high_contrast-f2ef05cef2f1.css]
[github.githubassets.com/assets/dark_colorblind-daa1fe317131.css]
[github.githubassets.com/assets/light_colorblind-1ab6fcc64845.css]
[github.githubassets.com/assets/light_high_contrast-46de871e876c.css]
[github.githubassets.com/assets/light_tritanopia-c9754fef2a31.css]
[github.githubassets.com/assets/dark_tritanopia-dba748981a29.css]
[github.githubassets.com/assets/primer-primitives-4cbeaa0795ef.css]
[github.githubassets.com/assets/primer-87f353b17355.css]
[github.githubassets.com/assets/octocat-spinner-16px-EAF2F5-8b50b1cd56db.gif]
[github.githubassets.com/assets/octocat-spinner-32-EAF2F5-ada8eb30dd92.gif]
[github.githubassets.com/assets/background-yellowhatch-v3-ffd8c31a935a.png]
[github.githubassets.com/assets/octocat-spinner-16px-52b21dd0a90e.gif]
[github.githubassets.com/assets/error-27e08d342a06.png]
[github.githubassets.com/assets/octocat-spinner-32-36e32e38816e.gif]
[github.githubassets.com/assets/error@2x-92d4bca0a053.png]
[github.githubassets.com/assets/global-b169e665f6fa.css]
[github.githubassets.com/assets/octocat-spinner-64-5a4957be9e70.gif]
[github.githubassets.com/assets/trans_bg-b507cc0d0e5d.gif]
[github.githubassets.com/assets/octocat-spinner-128-9d4bc3602169.gif]
[github.githubassets.com/assets/projects-beta-banner-mobile-d1fa5b9e56f6.png]
[github.githubassets.com/assets/projects-beta-banner-d9365bcc4da8.png]
[github.githubassets.com/assets/projects-beta-banner-dark-fc370172a740.png]
[github.githubassets.com/assets/heart-explosion-9235d9b294df.png]
[github.githubassets.com/assets/github-f1af66156f94.css]
[github.githubassets.com/assets/ds-actions-prompt-banner-mobile-e5e057312e9f.png]
[github.githubassets.com/assets/ds-actions-prompt-banner-708e9c012f66.png]
[github.githubassets.com/assets/ds-actions-prompt-banner-mobile-dark-3f109897c743.png]
[github.githubassets.com/assets/ds-actions-prompt-banner-dark-7b6a0129760b.png]
[github.githubassets.com/assets/repository-2e900f0ac288.css]
[github.githubassets.com/assets/code-ac15a98582bf.css]
[github.githubassets.com/assets/react-code-view.98a0f4bdacd6223a0b70.module.css]
[github.githubassets.com/assets/progressive-disclosure-line-7908f33fc4c6.svg]
[github.githubassets.com/assets/progressive-disclosure-line-dark-b31a1fc5e932.svg]
[github.githubassets.com/assets/octocat-spinner-darkmode-621ec25df5e9.svg]
[github.githubassets.com/assets/octocat-spinner-lightmode-3ac6fd33ead5.svg]
[github.githubassets.com/assets/rules-promo-banner-light-mobile-915fa9def8af.svg]
[github.githubassets.com/assets/rules-promo-banner-light-f2faab0aacee.svg]
[github.githubassets.com/assets/rules-promo-banner-dark-mobile-907c0c4a458d.svg]
[github.githubassets.com/assets/rules-promo-banner-dark-51278c312ec0.svg]
